Archive member included to satisfy reference by file (symbol)

C:\Users\Pranjali\Documents\MCUXpressoIDE_10.1.1_606\workspace\CMSIS_CORE_LPC17xx\Debug\libCMSIS_CORE_LPC17xx.a(system_LPC17xx.o)
                              ./src/cr_startup_lpc175x_6x.o (SystemInit)
c:/nxp/mcuxpressoide_10.1.1_606/ide/tools/bin/../lib/gcc/arm-none-eabi/6.3.1/../../../../arm-none-eabi/lib/thumb/v7-m\libcr_semihost.a(_cr__main.o)
                              ./src/cr_startup_lpc175x_6x.o (__main)
c:/nxp/mcuxpressoide_10.1.1_606/ide/tools/bin/../lib/gcc/arm-none-eabi/6.3.1/../../../../arm-none-eabi/lib/thumb/v7-m\libcr_c.a(cos.o)
                              ./src/DrawLine.o (cos)
c:/nxp/mcuxpressoide_10.1.1_606/ide/tools/bin/../lib/gcc/arm-none-eabi/6.3.1/../../../../arm-none-eabi/lib/thumb/v7-m\libcr_c.a(cr_time.o)
                              ./src/DrawLine.o (time)
c:/nxp/mcuxpressoide_10.1.1_606/ide/tools/bin/../lib/gcc/arm-none-eabi/6.3.1/../../../../arm-none-eabi/lib/thumb/v7-m\libcr_c.a(fpprintf.o)
                              ./src/DrawLine.o (printf)
c:/nxp/mcuxpressoide_10.1.1_606/ide/tools/bin/../lib/gcc/arm-none-eabi/6.3.1/../../../../arm-none-eabi/lib/thumb/v7-m\libcr_c.a(initio.o)
                              c:/nxp/mcuxpressoide_10.1.1_606/ide/tools/bin/../lib/gcc/arm-none-eabi/6.3.1/../../../../arm-none-eabi/lib/thumb/v7-m\libcr_semihost.a(_cr__main.o) (_initio)
c:/nxp/mcuxpressoide_10.1.1_606/ide/tools/bin/../lib/gcc/arm-none-eabi/6.3.1/../../../../arm-none-eabi/lib/thumb/v7-m\libcr_c.a(printf.o)
                              c:/nxp/mcuxpressoide_10.1.1_606/ide/tools/bin/../lib/gcc/arm-none-eabi/6.3.1/../../../../arm-none-eabi/lib/thumb/v7-m\libcr_c.a(fpprintf.o) (__vfprintf)
c:/nxp/mcuxpressoide_10.1.1_606/ide/tools/bin/../lib/gcc/arm-none-eabi/6.3.1/../../../../arm-none-eabi/lib/thumb/v7-m\libcr_c.a(puts.o)
                              ./src/DrawLine.o (puts)
c:/nxp/mcuxpressoide_10.1.1_606/ide/tools/bin/../lib/gcc/arm-none-eabi/6.3.1/../../../../arm-none-eabi/lib/thumb/v7-m\libcr_c.a(setvbuf.o)
                              c:/nxp/mcuxpressoide_10.1.1_606/ide/tools/bin/../lib/gcc/arm-none-eabi/6.3.1/../../../../arm-none-eabi/lib/thumb/v7-m\libcr_c.a(initio.o) (setvbuf)
c:/nxp/mcuxpressoide_10.1.1_606/ide/tools/bin/../lib/gcc/arm-none-eabi/6.3.1/../../../../arm-none-eabi/lib/thumb/v7-m\libcr_c.a(sin.o)
                              ./src/DrawLine.o (sin)
c:/nxp/mcuxpressoide_10.1.1_606/ide/tools/bin/../lib/gcc/arm-none-eabi/6.3.1/../../../../arm-none-eabi/lib/thumb/v7-m\libcr_c.a(stdlib.o)
                              ./src/DrawLine.o (rand)
c:/nxp/mcuxpressoide_10.1.1_606/ide/tools/bin/../lib/gcc/arm-none-eabi/6.3.1/../../../../arm-none-eabi/lib/thumb/v7-m\libcr_c.a(strlen.o)
                              c:/nxp/mcuxpressoide_10.1.1_606/ide/tools/bin/../lib/gcc/arm-none-eabi/6.3.1/../../../../arm-none-eabi/lib/thumb/v7-m\libcr_c.a(printf.o) (strlen)
c:/nxp/mcuxpressoide_10.1.1_606/ide/tools/bin/../lib/gcc/arm-none-eabi/6.3.1/../../../../arm-none-eabi/lib/thumb/v7-m\libcr_c.a(memset.o)
                              c:/nxp/mcuxpressoide_10.1.1_606/ide/tools/bin/../lib/gcc/arm-none-eabi/6.3.1/../../../../arm-none-eabi/lib/thumb/v7-m\libcr_c.a(fpprintf.o) (memset)
c:/nxp/mcuxpressoide_10.1.1_606/ide/tools/bin/../lib/gcc/arm-none-eabi/6.3.1/../../../../arm-none-eabi/lib/thumb/v7-m\libcr_c.a(_deferredlazyseek.o)
                              c:/nxp/mcuxpressoide_10.1.1_606/ide/tools/bin/../lib/gcc/arm-none-eabi/6.3.1/../../../../arm-none-eabi/lib/thumb/v7-m\libcr_c.a(fpprintf.o) (__flsbuf)
c:/nxp/mcuxpressoide_10.1.1_606/ide/tools/bin/../lib/gcc/arm-none-eabi/6.3.1/../../../../arm-none-eabi/lib/thumb/v7-m\libcr_c.a(_fdopen.o)
                              c:/nxp/mcuxpressoide_10.1.1_606/ide/tools/bin/../lib/gcc/arm-none-eabi/6.3.1/../../../../arm-none-eabi/lib/thumb/v7-m\libcr_c.a(initio.o) (_fdopen)
c:/nxp/mcuxpressoide_10.1.1_606/ide/tools/bin/../lib/gcc/arm-none-eabi/6.3.1/../../../../arm-none-eabi/lib/thumb/v7-m\libcr_c.a(_fflush.o)
                              c:/nxp/mcuxpressoide_10.1.1_606/ide/tools/bin/../lib/gcc/arm-none-eabi/6.3.1/../../../../arm-none-eabi/lib/thumb/v7-m\libcr_c.a(_deferredlazyseek.o) (_fflush)
c:/nxp/mcuxpressoide_10.1.1_606/ide/tools/bin/../lib/gcc/arm-none-eabi/6.3.1/../../../../arm-none-eabi/lib/thumb/v7-m\libcr_c.a(_frexpl.o)
                              c:/nxp/mcuxpressoide_10.1.1_606/ide/tools/bin/../lib/gcc/arm-none-eabi/6.3.1/../../../../arm-none-eabi/lib/thumb/v7-m\libcr_c.a(fpprintf.o) (_frexpl)
c:/nxp/mcuxpressoide_10.1.1_606/ide/tools/bin/../lib/gcc/arm-none-eabi/6.3.1/../../../../arm-none-eabi/lib/thumb/v7-m\libcr_c.a(_ldexpl.o)
                              c:/nxp/mcuxpressoide_10.1.1_606/ide/tools/bin/../lib/gcc/arm-none-eabi/6.3.1/../../../../arm-none-eabi/lib/thumb/v7-m\libcr_c.a(fpprintf.o) (_ldexpl)
c:/nxp/mcuxpressoide_10.1.1_606/ide/tools/bin/../lib/gcc/arm-none-eabi/6.3.1/../../../../arm-none-eabi/lib/thumb/v7-m\libcr_c.a(_sincos.o)
[...]
Memory Configuration

Name             Origin             Length             Attributes
MFlash512        0x00000000         0x00080000         xr
RamLoc32         0x10000000         0x00008000         xrw
RamAHB32         0x2007c000         0x00008000         xrw
*default*        0x00000000         0xffffffff

Linker script and memory map

LOAD ./src/DrawLine.o
LOAD ./src/cr_startup_lpc175x_6x.o
LOAD ./src/crp.o
LOAD ./src/ssp.o
LOAD C:\Users\Pranjali\Documents\MCUXpressoIDE_10.1.1_606\workspace\CMSIS_CORE_LPC17xx\Debug\libCMSIS_CORE_LPC17xx.a
START GROUP
LOAD c:/nxp/mcuxpressoide_10.1.1_606/ide/tools/bin/../lib/gcc/arm-none-eabi/6.3.1/../../../../arm-none-eabi/lib/thumb/v7-m\libcr_semihost.a
LOAD c:/nxp/mcuxpressoide_10.1.1_606/ide/tools/bin/../lib/gcc/arm-none-eabi/6.3.1/../../../../arm-none-eabi/lib/thumb/v7-m\libcr_c.a
LOAD c:/nxp/mcuxpressoide_10.1.1_606/ide/tools/bin/../lib/gcc/arm-none-eabi/6.3.1/thumb/v7-m\libcr_eabihelpers.a
END GROUP
                0x00000000                __base_MFlash512 = 0x0
                0x00000000                __base_Flash = 0x0
                0x00080000                __top_MFlash512 = 0x80000
                0x00080000                __top_Flash = 0x80000
                0x10000000                __base_RamLoc32 = 0x10000000
                0x10000000                __base_RAM = 0x10000000
                0x10008000                __top_RamLoc32 = 0x10008000
                0x10008000                __top_RAM = 0x10008000
                0x2007c000                __base_RamAHB32 = 0x2007c000
                0x2007c000                __base_RAM2 = 0x2007c000
                0x20084000                __top_RamAHB32 = 0x20084000
                0x20084000                __top_RAM2 = 0x20084000

.text           0x00000000     0x463c
 FILL mask 0xff
                0x00000000                __vectors_start__ = ABSOLUTE (.)
 *(.isr_vector)
 .isr_vector    0x00000000       0xcc ./src/cr_startup_lpc175x_6x.o
                0x00000000                g_pfnVectors
                0x000000cc                . = ALIGN (0x4)
                0x000000cc                __section_table_start = .
                0x000000cc                __data_section_table = .
                0x000000cc        0x4 LONG 0x463c LOADADDR (.data)
                0x000000d0        0x4 LONG 0x10000000 ADDR (.data)
                0x000000d4        0x4 LONG 0xec SIZEOF (.data)
                0x000000d8        0x4 LONG 0x463c LOADADDR (.data_RAM2)
                0x000000dc        0x4 LONG 0x2007c000 ADDR (.data_RAM2)
                0x000000e0        0x4 LONG 0x0 SIZEOF (.data_RAM2)
                0x000000e4                __data_section_table_end = .
                0x000000e4                __bss_section_table = .
                0x000000e4        0x4 LONG 0x100000ec ADDR (.bss)
                0x000000e8        0x4 LONG 0x224 SIZEOF (.bss)
                0x000000ec        0x4 LONG 0x2007c000 ADDR (.bss_RAM2)
                0x000000f0        0x4 LONG 0x0 SIZEOF (.bss_RAM2)
                0x000000f4                __bss_section_table_end = .
                0x000000f4                __section_table_end = .
 *(.after_vectors*)
 .after_vectors
                0x000000f4      0x12c ./src/cr_startup_lpc175x_6x.o
                0x000000f4                data_init
                0x00000136                bss_init
                0x0000016c                ResetISR
                0x000001e4                NMI_Handler
                0x000001ea                HardFault_Handler
                0x000001f0                MemManage_Handler
                0x000001f6                BusFault_Handler
                0x000001fc                UsageFault_Handler
                0x00000202                SVC_Handler
                0x00000208                DebugMon_Handler
                0x0000020e                PendSV_Handler
                0x00000214                SysTick_Handler
                0x0000021a                EINT3_IRQHandler
                0x0000021a                CANActivity_IRQHandler
                0x0000021a                TIMER3_IRQHandler
                0x0000021a                UART0_IRQHandler
                0x0000021a                UART1_IRQHandler
                0x0000021a                EINT2_IRQHandler
                0x0000021a                USBActivity_IRQHandler
                0x0000021a                IntDefaultHandler
                0x0000021a                I2C0_IRQHandler
                0x0000021a                I2C1_IRQHandler
                0x0000021a                PLL1_IRQHandler
                0x0000021a                I2S_IRQHandler
                0x0000021a                I2C2_IRQHandler
                0x0000021a                RTC_IRQHandler
                0x0000021a                TIMER0_IRQHandler
                0x0000021a                SPI_IRQHandler
                0x0000021a                RIT_IRQHandler
                0x0000021a                EINT1_IRQHandler
                0x0000021a                TIMER1_IRQHandler
                0x0000021a                UART2_IRQHandler
                0x0000021a                ADC_IRQHandler
                0x0000021a                USB_IRQHandler
                0x0000021a                BOD_IRQHandler
                0x0000021a                CAN_IRQHandler
                0x0000021a                WDT_IRQHandler
                0x0000021a                PWM1_IRQHandler
                0x0000021a                QEI_IRQHandler
                0x0000021a                EINT0_IRQHandler
                0x0000021a                PLL0_IRQHandler
                0x0000021a                DMA_IRQHandler
                0x0000021a                TIMER2_IRQHandler
                0x0000021a                UART3_IRQHandler
                0x0000021a                MCPWM_IRQHandler
                0x0000021a                ENET_IRQHandler
 *(.text*)
 .text.spiwrite
                0x00000220       0x40 ./src/DrawLine.o
                0x00000220                spiwrite
 .text.writecommand
                0x00000260       0x2c ./src/DrawLine.o
                0x00000260                writecommand
 .text.writedata
                0x0000028c       0x2c ./src/DrawLine.o
                0x0000028c                writedata
 .text.writeword
                0x000002b8       0x2e ./src/DrawLine.o
                0x000002b8                writeword
 .text.write888
                0x000002e6       0x4e ./src/DrawLine.o
                0x000002e6                write888
 .text.setAddrWindow
                0x00000334       0x52 ./src/DrawLine.o
                0x00000334                setAddrWindow
 .text.fillrect
                0x00000386       0x68 ./src/DrawLine.o
                0x00000386                fillrect
 .text.lcddelay
                0x000003ee       0x2e ./src/DrawLine.o
                0x000003ee                lcddelay
 .text.lcd_init
                0x0000041c       0xc4 ./src/DrawLine.o
                0x0000041c                lcd_init
 .text.drawPixel
                0x000004e0       0x6c ./src/DrawLine.o
                0x000004e0                drawPixel
 .text.drawLine
                0x0000054c      0x18e ./src/DrawLine.o
                0x0000054c                drawLine
 .text.draw_sqr
                0x000006da      0x49e ./src/DrawLine.o
                0x000006da                draw_sqr
 .text.rotate_point
                0x00000b78      0x128 ./src/DrawLine.o
                0x00000b78                rotate_point
 .text.draw_tree
                0x00000ca0      0x23c ./src/DrawLine.o
                0x00000ca0                draw_tree
 .text.main     0x00000edc      0x64c ./src/DrawLine.o
                0x00000edc                main
 .text.NVIC_EnableIRQ
                0x00001528       0x30 ./src/ssp.o
 .text.SSP0_IRQHandler
                0x00001558       0x70 ./src/ssp.o
                0x00001558                SSP0_IRQHandler
 .text.SSP1_IRQHandler
                0x000015c8       0x70 ./src/ssp.o
                0x000015c8                SSP1_IRQHandler
 .text.SSP_SSELToggle
                0x00001638       0x68 ./src/ssp.o
                0x00001638                SSP_SSELToggle
 .text.SSP0Init
                0x000016a0       0xc0 ./src/ssp.o
                0x000016a0                SSP0Init
 .text.SSPSend  0x00001760       0xa0 ./src/ssp.o
                0x00001760                SSPSend
 .text.SystemInit
                0x00001800       0xdc C:\Users\Pranjali\Documents\MCUXpressoIDE_10.1.1_606\workspace\CMSIS_CORE_LPC17xx\Debug\libCMSIS_CORE_LPC17xx.a(system_LPC17xx.o)
                0x00001800                SystemInit
 .text.__main   0x000018dc        0xe c:/nxp/mcuxpressoide_10.1.1_606/ide/tools/bin/../lib/gcc/arm-none-eabi/6.3.1/../../../../arm-none-eabi/lib/thumb/v7-m\libcr_semihost.a(_cr__main.o)
                0x000018dc                __CR_SEMIHOST
                0x000018dc                __main
 *fill*         0x000018ea        0x6 ff
 .text.cos      0x000018f0       0x60 c:/nxp/mcuxpressoide_10.1.1_606/ide/tools/bin/../lib/gcc/arm-none-eabi/6.3.1/../../../../arm-none-eabi/lib/thumb/v7-m\libcr_c.a(cos.o)
                0x000018f0                cos
 .text.time     0x00001950        0xe c:/nxp/mcuxpressoide_10.1.1_606/ide/tools/bin/../lib/gcc/arm-none-eabi/6.3.1/../../../../arm-none-eabi/lib/thumb/v7-m\libcr_c.a(cr_time.o)
                0x00001950                time
 .text.fp_round
                0x0000195e       0x4c c:/nxp/mcuxpressoide_10.1.1_606/ide/tools/bin/../lib/gcc/arm-none-eabi/6.3.1/../../../../arm-none-eabi/lib/thumb/v7-m\libcr_c.a(fpprintf.o)
 .text.pr_dec.constprop.1
                0x000019aa       0x26 c:/nxp/mcuxpressoide_10.1.1_606/ide/tools/bin/../lib/gcc/arm-none-eabi/6.3.1/../../../../arm-none-eabi/lib/thumb/v7-m\libcr_c.a(fpprintf.o)
 .text.sprintf  0x000019d0       0x6c c:/nxp/mcuxpressoide_10.1.1_606/ide/tools/bin/../lib/gcc/arm-none-eabi/6.3.1/../../../../arm-none-eabi/lib/thumb/v7-m\libcr_c.a(fpprintf.o)
                0x000019d0                sprintf
 *fill*         0x00001a3c        0x4 ff
 .text.fp_display
                0x00001a40      0x95c c:/nxp/mcuxpressoide_10.1.1_606/ide/tools/bin/../lib/gcc/arm-none-eabi/6.3.1/../../../../arm-none-eabi/lib/thumb/v7-m\libcr_c.a(fpprintf.o)
 .text.vsnprintf
                0x0000239c       0x5c c:/nxp/mcuxpressoide_10.1.1_606/ide/tools/bin/../lib/gcc/arm-none-eabi/6.3.1/../../../../arm-none-eabi/lib/thumb/v7-m\libcr_c.a(fpprintf.o)
                0x0000239c                vsnprintf
 .text.printf   0x000023f8       0x54 c:/nxp/mcuxpressoide_10.1.1_606/ide/tools/bin/../lib/gcc/arm-none-eabi/6.3.1/../../../../arm-none-eabi/lib/thumb/v7-m\libcr_c.a(fpprintf.o)
                0x000023f8                printf
 .text._initio  0x0000244c       0x78 c:/nxp/mcuxpressoide_10.1.1_606/ide/tools/bin/../lib/gcc/arm-none-eabi/6.3.1/../../../../arm-none-eabi/lib/thumb/v7-m\libcr_c.a(initio.o)
                0x0000244c                _initio
 .text.__vfprintf
                0x000024c4      0xb68 c:/nxp/mcuxpressoide_10.1.1_606/ide/tools/bin/../lib/gcc/arm-none-eabi/6.3.1/../../../../arm-none-eabi/lib/thumb/v7-m\libcr_c.a(printf.o)
                0x000024c4                __vfprintf
 .text.puts     0x0000302c       0x34 c:/nxp/mcuxpressoide_10.1.1_606/ide/tools/bin/../lib/gcc/arm-none-eabi/6.3.1/../../../../arm-none-eabi/lib/thumb/v7-m\libcr_c.a(puts.o)
                0x0000302c                puts
 .text.setvbuf  0x00003060       0x40 c:/nxp/mcuxpressoide_10.1.1_606/ide/tools/bin/../lib/gcc/arm-none-eabi/6.3.1/../../../../arm-none-eabi/lib/thumb/v7-m\libcr_c.a(setvbuf.o)
                0x00003060                setvbuf
 .text.sin      0x000030a0       0x34 c:/nxp/mcuxpressoide_10.1.1_606/ide/tools/bin/../lib/gcc/arm-none-eabi/6.3.1/../../../../arm-none-eabi/lib/thumb/v7-m\libcr_c.a(sin.o)
                0x000030a0                sin
 .text.rand     0x000030d4       0x3c c:/nxp/mcuxpressoide_10.1.1_606/ide/tools/bin/../lib/gcc/arm-none-eabi/6.3.1/../../../../arm-none-eabi/lib/thumb/v7-m\libcr_c.a(stdlib.o)
                0x000030d4                rand
 .text.srand    0x00003110       0x40 c:/nxp/mcuxpressoide_10.1.1_606/ide/tools/bin/../lib/gcc/arm-none-eabi/6.3.1/../../../../arm-none-eabi/lib/thumb/v7-m\libcr_c.a(stdlib.o)
                0x00003110                srand
 .text.abs      0x00003150        0x8 c:/nxp/mcuxpressoide_10.1.1_606/ide/tools/bin/../lib/gcc/arm-none-eabi/6.3.1/../../../../arm-none-eabi/lib/thumb/v7-m\libcr_c.a(stdlib.o)
                0x00003150                abs
 .text.strlen   0x00003158       0x4a c:/nxp/mcuxpressoide_10.1.1_606/ide/tools/bin/../lib/gcc/arm-none-eabi/6.3.1/../../../../arm-none-eabi/lib/thumb/v7-m\libcr_c.a(strlen.o)
                0x00003158                strlen
 .text.memset   0x000031a2        0x4 c:/nxp/mcuxpressoide_10.1.1_606/ide/tools/bin/../lib/gcc/arm-none-eabi/6.3.1/../../../../arm-none-eabi/lib/thumb/v7-m\libcr_c.a(memset.o)
                0x000031a2                memset
 .text._deferredlazyseek
                0x000031a6       0x40 c:/nxp/mcuxpressoide_10.1.1_606/ide/tools/bin/../lib/gcc/arm-none-eabi/6.3.1/../../../../arm-none-eabi/lib/thumb/v7-m\libcr_c.a(_deferredlazyseek.o)
                0x000031a6                _deferredlazyseek
 .text.__flsbuf
                0x000031e6      0x148 c:/nxp/mcuxpressoide_10.1.1_606/ide/tools/bin/../lib/gcc/arm-none-eabi/6.3.1/../../../../arm-none-eabi/lib/thumb/v7-m\libcr_c.a(_deferredlazyseek.o)
                0x000031e6                __flsbuf
 .text._fdopen  0x0000332e       0x68 c:/nxp/mcuxpressoide_10.1.1_606/ide/tools/bin/../lib/gcc/arm-none-eabi/6.3.1/../../../../arm-none-eabi/lib/thumb/v7-m\libcr_c.a(_fdopen.o)
                0x0000332e                _fdopen
 .text._fflush  0x00003396       0x54 c:/nxp/mcuxpressoide_10.1.1_606/ide/tools/bin/../lib/gcc/arm-none-eabi/6.3.1/../../../../arm-none-eabi/lib/thumb/v7-m\libcr_c.a(_fflush.o)
                0x00003396                _fflush
 .text._frexpl  0x000033ea       0x58 c:/nxp/mcuxpressoide_10.1.1_606/ide/tools/bin/../lib/gcc/arm-none-eabi/6.3.1/../../../../arm-none-eabi/lib/thumb/v7-m\libcr_c.a(_frexpl.o)
                0x000033ea                _frexpl
 *fill*         0x00003442        0x2 ff
 .text._ldexpl  0x00003444       0x4c c:/nxp/mcuxpressoide_10.1.1_606/ide/tools/bin/../lib/gcc/arm-none-eabi/6.3.1/../../../../arm-none-eabi/lib/thumb/v7-m\libcr_c.a(_ldexpl.o)
                0x00003444                _ldexpl
 .text._sincos  0x00003490      0x1fc c:/nxp/mcuxpressoide_10.1.1_606/ide/tools/bin/../lib/gcc/arm-none-eabi/6.3.1/../../../../arm-none-eabi/lib/thumb/v7-m\libcr_c.a(_sincos.o)
                0x00003490                _sincos
 .text._Cwritebuf
                0x0000368c       0x6c c:/nxp/mcuxpressoide_10.1.1_606/ide/tools/bin/../lib/gcc/arm-none-eabi/6.3.1/../../../../arm-none-eabi/lib/thumb/v7-m\libcr_c.a(_writebuf.o)
                0x0000368c                _Cwritebuf
 .text.malloc   0x000036f8       0xc4 c:/nxp/mcuxpressoide_10.1.1_606/ide/tools/bin/../lib/gcc/arm-none-eabi/6.3.1/../../../../arm-none-eabi/lib/thumb/v7-m\libcr_c.a(alloc.o)
                0x000036f8                malloc
 .text.free     0x000037bc       0x30 c:/nxp/mcuxpressoide_10.1.1_606/ide/tools/bin/../lib/gcc/arm-none-eabi/6.3.1/../../../../arm-none-eabi/lib/thumb/v7-m\libcr_c.a(alloc.o)
                0x000037bc                free
 .text._Csys_alloc
                0x000037ec       0x20 c:/nxp/mcuxpressoide_10.1.1_606/ide/tools/bin/../lib/gcc/arm-none-eabi/6.3.1/../../../../arm-none-eabi/lib/thumb/v7-m\libcr_c.a(alloc.o)
                0x000037ec                _Csys_alloc
 .text.fabs     0x0000380c       0x1e c:/nxp/mcuxpressoide_10.1.1_606/ide/tools/bin/../lib/gcc/arm-none-eabi/6.3.1/../../../../arm-none-eabi/lib/thumb/v7-m\libcr_c.a(fabs.o)
                0x0000380c                fabs
 .text.fclose   0x0000382a       0x58 c:/nxp/mcuxpressoide_10.1.1_606/ide/tools/bin/../lib/gcc/arm-none-eabi/6.3.1/../../../../arm-none-eabi/lib/thumb/v7-m\libcr_c.a(fclose.o)
                0x0000382a                fclose
 *fill*         0x00003882        0x2 ff
 .text.fflush   0x00003884       0x44 c:/nxp/mcuxpressoide_10.1.1_606/ide/tools/bin/../lib/gcc/arm-none-eabi/6.3.1/../../../../arm-none-eabi/lib/thumb/v7-m\libcr_c.a(fflush.o)
                0x00003884                fflush
 .text.fseek    0x000038c8      0x100 c:/nxp/mcuxpressoide_10.1.1_606/ide/tools/bin/../lib/gcc/arm-none-eabi/6.3.1/../../../../arm-none-eabi/lib/thumb/v7-m\libcr_c.a(fseek.o)
                0x000038c8                fseek
 .text.ftell    0x000039c8       0x48 c:/nxp/mcuxpressoide_10.1.1_606/ide/tools/bin/../lib/gcc/arm-none-eabi/6.3.1/../../../../arm-none-eabi/lib/thumb/v7-m\libcr_c.a(ftell.o)
                0x000039c8                ftell
 .text.remove   0x00003a10       0x14 c:/nxp/mcuxpressoide_10.1.1_606/ide/tools/bin/../lib/gcc/arm-none-eabi/6.3.1/../../../../arm-none-eabi/lib/thumb/v7-m\libcr_c.a(remove.o)
                0x00003a10                remove
 .text._sbrk    0x00003a24       0x3c c:/nxp/mcuxpressoide_10.1.1_606/ide/tools/bin/../lib/gcc/arm-none-eabi/6.3.1/../../../../arm-none-eabi/lib/thumb/v7-m\libcr_c.a(_cr_sbrk.o)
                0x00003a24                _sbrk
 .text._do_fflush
                0x00003a60       0x40 c:/nxp/mcuxpressoide_10.1.1_606/ide/tools/bin/../lib/gcc/arm-none-eabi/6.3.1/../../../../arm-none-eabi/lib/thumb/v7-m\libcr_c.a(_do_fflush.o)
                0x00003a60                _do_fflush
 .text.__check_heap_overflow
                0x00003aa0       0x18 c:/nxp/mcuxpressoide_10.1.1_606/ide/tools/bin/../lib/gcc/arm-none-eabi/6.3.1/../../../../arm-none-eabi/lib/thumb/v7-m\libcr_c.a(_cr_check_heap.o)
                0x00003aa0                __check_heap_overflow
 .text.__aeabi_dmul
                0x00003ab8      0x10c c:/nxp/mcuxpressoide_10.1.1_606/ide/tools/bin/../lib/gcc/arm-none-eabi/6.3.1/thumb/v7-m\libcr_eabihelpers.a(double.o)
                0x00003ab8                __aeabi_dmul
 .text.__aeabi_ddiv
                0x00003bc4      0x134 c:/nxp/mcuxpressoide_10.1.1_606/ide/tools/bin/../lib/gcc/arm-none-eabi/6.3.1/thumb/v7-m\libcr_eabihelpers.a(double.o)
                0x00003bc4                __aeabi_ddiv
 .text.__aeabi_dsub
                0x00003cf8      0x1dc c:/nxp/mcuxpressoide_10.1.1_606/ide/tools/bin/../lib/gcc/arm-none-eabi/6.3.1/thumb/v7-m\libcr_eabihelpers.a(double.o)
                0x00003cf8                __aeabi_dsub
 .text.__aeabi_dadd
                0x00003ed4      0x10c c:/nxp/mcuxpressoide_10.1.1_606/ide/tools/bin/../lib/gcc/arm-none-eabi/6.3.1/thumb/v7-m\libcr_eabihelpers.a(double.o)
                0x00003ed4                __aeabi_dadd
 .text.__aeabi_d2f
                0x00003fe0       0x54 c:/nxp/mcuxpressoide_10.1.1_606/ide/tools/bin/../lib/gcc/arm-none-eabi/6.3.1/thumb/v7-m\libcr_eabihelpers.a(double.o)
                0x00003fe0                __aeabi_d2f
 .text.__aeabi_d2iz
                0x00004034       0x40 c:/nxp/mcuxpressoide_10.1.1_606/ide/tools/bin/../lib/gcc/arm-none-eabi/6.3.1/thumb/v7-m\libcr_eabihelpers.a(double.o)
                0x00004034                __aeabi_d2iz
 .text.__bhs_ui2d
                0x00004074       0x46 c:/nxp/mcuxpressoide_10.1.1_606/ide/tools/bin/../lib/gcc/arm-none-eabi/6.3.1/thumb/v7-m\libcr_eabihelpers.a(double.o)
                0x00004074                __bhs_ui2d
 .text.__aeabi_i2d
                0x000040ba       0x12 c:/nxp/mcuxpressoide_10.1.1_606/ide/tools/bin/../lib/gcc/arm-none-eabi/6.3.1/thumb/v7-m\libcr_eabihelpers.a(double.o)
                0x000040ba                __aeabi_i2d
 .text.__aeabi_dcmpeq
                0x000040cc       0x2c c:/nxp/mcuxpressoide_10.1.1_606/ide/tools/bin/../lib/gcc/arm-none-eabi/6.3.1/thumb/v7-m\libcr_eabihelpers.a(double.o)
                0x000040cc                __aeabi_dcmpeq
 .text.__aeabi_dcmplt
                0x000040f8       0x54 c:/nxp/mcuxpressoide_10.1.1_606/ide/tools/bin/../lib/gcc/arm-none-eabi/6.3.1/thumb/v7-m\libcr_eabihelpers.a(double.o)
                0x000040f8                __aeabi_dcmplt
 .text.__aeabi_dcmple
                0x0000414c       0x54 c:/nxp/mcuxpressoide_10.1.1_606/ide/tools/bin/../lib/gcc/arm-none-eabi/6.3.1/thumb/v7-m\libcr_eabihelpers.a(double.o)
                0x0000414c                __aeabi_dcmple
 .text.__aeabi_dcmpge
                0x000041a0       0x54 c:/nxp/mcuxpressoide_10.1.1_606/ide/tools/bin/../lib/gcc/arm-none-eabi/6.3.1/thumb/v7-m\libcr_eabihelpers.a(double.o)
                0x000041a0                __aeabi_dcmpge
 .text.__aeabi_fmul
                0x000041f4       0xb0 c:/nxp/mcuxpressoide_10.1.1_606/ide/tools/bin/../lib/gcc/arm-none-eabi/6.3.1/thumb/v7-m\libcr_eabihelpers.a(float.o)
                0x000041f4                __aeabi_fmul
 .text.__aeabi_fsub
                0x000042a4       0xe0 c:/nxp/mcuxpressoide_10.1.1_606/ide/tools/bin/../lib/gcc/arm-none-eabi/6.3.1/thumb/v7-m\libcr_eabihelpers.a(float.o)
                0x000042a4                __aeabi_fsub
 .text.__aeabi_fadd
                0x00004384       0xac c:/nxp/mcuxpressoide_10.1.1_606/ide/tools/bin/../lib/gcc/arm-none-eabi/6.3.1/thumb/v7-m\libcr_eabihelpers.a(float.o)
                0x00004384                __aeabi_fadd
 .text.__aeabi_f2iz
                0x00004430       0x36 c:/nxp/mcuxpressoide_10.1.1_606/ide/tools/bin/../lib/gcc/arm-none-eabi/6.3.1/thumb/v7-m\libcr_eabihelpers.a(float.o)
                0x00004430                __aeabi_f2iz
 .text.__bhs_ui2f
                0x00004466       0x26 c:/nxp/mcuxpressoide_10.1.1_606/ide/tools/bin/../lib/gcc/arm-none-eabi/6.3.1/thumb/v7-m\libcr_eabihelpers.a(float.o)
                0x00004466                __bhs_ui2f
 .text.__aeabi_i2f
                0x0000448c       0x12 c:/nxp/mcuxpressoide_10.1.1_606/ide/tools/bin/../lib/gcc/arm-none-eabi/6.3.1/thumb/v7-m\libcr_eabihelpers.a(float.o)
                0x0000448c                __aeabi_i2f
 *fill*         0x0000449e        0x2 ff
 .text.__aeabi_f2d
                0x000044a0       0x38 c:/nxp/mcuxpressoide_10.1.1_606/ide/tools/bin/../lib/gcc/arm-none-eabi/6.3.1/thumb/v7-m\libcr_eabihelpers.a(float.o)
                0x000044a0                __aeabi_f2d
 .text.__aeabi_memset_lowlevel
                0x000044d8       0x32 c:/nxp/mcuxpressoide_10.1.1_606/ide/tools/bin/../lib/gcc/arm-none-eabi/6.3.1/thumb/v7-m\libcr_eabihelpers.a(memcpy.o)
                0x000044d8                __aeabi_lowlevel_memset
 *fill*         0x0000450a        0x2 ff
 .text.__sys_appexit
                0x0000450c        0xc c:/nxp/mcuxpressoide_10.1.1_606/ide/tools/bin/../lib/gcc/arm-none-eabi/6.3.1/../../../../arm-none-eabi/lib/thumb/v7-m\libcr_semihost.a(__sys_appexit.o)
                0x0000450c                __sys_appexit
                0x0000450c                __exit
 .text.__sys_close
                0x00004518        0xc c:/nxp/mcuxpressoide_10.1.1_606/ide/tools/bin/../lib/gcc/arm-none-eabi/6.3.1/../../../../arm-none-eabi/lib/thumb/v7-m\libcr_semihost.a(__sys_close.o)
                0x00004518                __sys_close
 .text.__sys_flen
                0x00004524        0xc c:/nxp/mcuxpressoide_10.1.1_606/ide/tools/bin/../lib/gcc/arm-none-eabi/6.3.1/../../../../arm-none-eabi/lib/thumb/v7-m\libcr_semihost.a(__sys_flen.o)
                0x00004524                __sys_flen
 .text.__sys_istty
                0x00004530        0xc c:/nxp/mcuxpressoide_10.1.1_606/ide/tools/bin/../lib/gcc/arm-none-eabi/6.3.1/../../../../arm-none-eabi/lib/thumb/v7-m\libcr_semihost.a(__sys_istty.o)
                0x00004530                __sys_istty
 .text.__sys_remove
                0x0000453c        0xc c:/nxp/mcuxpressoide_10.1.1_606/ide/tools/bin/../lib/gcc/arm-none-eabi/6.3.1/../../../../arm-none-eabi/lib/thumb/v7-m\libcr_semihost.a(__sys_remove.o)
                0x0000453c                __sys_remove
 .text.__sys_seek
                0x00004548        0xc c:/nxp/mcuxpressoide_10.1.1_606/ide/tools/bin/../lib/gcc/arm-none-eabi/6.3.1/../../../../arm-none-eabi/lib/thumb/v7-m\libcr_semihost.a(__sys_seek.o)
                0x00004548                __sys_seek
 .text.__sys_time
                0x00004554        0x6 c:/nxp/mcuxpressoide_10.1.1_606/ide/tools/bin/../lib/gcc/arm-none-eabi/6.3.1/../../../../arm-none-eabi/lib/thumb/v7-m\libcr_semihost.a(__sys_time.o)
                0x00004554                __sys_time
 .text.__sys_tmpnam
                0x0000455a        0xc c:/nxp/mcuxpressoide_10.1.1_606/ide/tools/bin/../lib/gcc/arm-none-eabi/6.3.1/../../../../arm-none-eabi/lib/thumb/v7-m\libcr_semihost.a(__sys_tmpnam.o)
                0x0000455a                __sys_tmpnam
 .text.__sys_write
                0x00004566        0xc c:/nxp/mcuxpressoide_10.1.1_606/ide/tools/bin/../lib/gcc/arm-none-eabi/6.3.1/../../../../arm-none-eabi/lib/thumb/v7-m\libcr_semihost.a(__sys_write.o)
                0x00004566                __sys_write
 *(.rodata .rodata.* .constdata .constdata.*)
 *fill*         0x00004572        0x2 ff
 .rodata        0x00004574       0x2f ./src/DrawLine.o
 .rodata.fp_display.str1.1
                0x000045a3       0x34 c:/nxp/mcuxpressoide_10.1.1_606/ide/tools/bin/../lib/gcc/arm-none-eabi/6.3.1/../../../../arm-none-eabi/lib/thumb/v7-m\libcr_c.a(fpprintf.o)
                                 0x35 (size before relaxing)
 .rodata._initio.str1.1
                0x000045d7        0x4 c:/nxp/mcuxpressoide_10.1.1_606/ide/tools/bin/../lib/gcc/arm-none-eabi/6.3.1/../../../../arm-none-eabi/lib/thumb/v7-m\libcr_c.a(initio.o)
 .rodata.__vfprintf.str1.1
                0x000045db       0x31 c:/nxp/mcuxpressoide_10.1.1_606/ide/tools/bin/../lib/gcc/arm-none-eabi/6.3.1/../../../../arm-none-eabi/lib/thumb/v7-m\libcr_c.a(printf.o)
                                 0x38 (size before relaxing)
 .rodata.puts.str1.1
                0x0000460c       0x31 c:/nxp/mcuxpressoide_10.1.1_606/ide/tools/bin/../lib/gcc/arm-none-eabi/6.3.1/../../../../arm-none-eabi/lib/thumb/v7-m\libcr_c.a(puts.o)
                                  0x2 (size before relaxing)
 .rodata._Csys_alloc.str1.1
                0x0000460c       0x18 c:/nxp/mcuxpressoide_10.1.1_606/ide/tools/bin/../lib/gcc/arm-none-eabi/6.3.1/../../../../arm-none-eabi/lib/thumb/v7-m\libcr_c.a(alloc.o)
 *fill*         0x00004624        0x4 ff
 .rodata.__huge_val
                0x00004628        0x8 c:/nxp/mcuxpressoide_10.1.1_606/ide/tools/bin/../lib/gcc/arm-none-eabi/6.3.1/../../../../arm-none-eabi/lib/thumb/v7-m\libcr_c.a(_hugeval.o)
                0x00004628                __huge_val
 .rodata.__huge_vall
                0x00004630        0x8 c:/nxp/mcuxpressoide_10.1.1_606/ide/tools/bin/../lib/gcc/arm-none-eabi/6.3.1/../../../../arm-none-eabi/lib/thumb/v7-m\libcr_c.a(_hugeval.o)
                0x00004630                __huge_vall
 .rodata.__num_Ciob_streams
                0x00004638        0x4 c:/nxp/mcuxpressoide_10.1.1_606/ide/tools/bin/../lib/gcc/arm-none-eabi/6.3.1/../../../../arm-none-eabi/lib/thumb/v7-m\libcr_semihost.a(__ciob.o)
                0x00004638                __num_Ciob_streams
                0x0000463c                . = ALIGN (0x4)

.glue_7         0x0000463c        0x0
 .glue_7        0x0000463c        0x0 linker stubs

.glue_7t        0x0000463c        0x0
 .glue_7t       0x0000463c        0x0 linker stubs

.vfp11_veneer   0x0000463c        0x0
 .vfp11_veneer  0x0000463c        0x0 linker stubs

.v4_bx          0x0000463c        0x0
 .v4_bx         0x0000463c        0x0 linker stubs

.iplt           0x0000463c        0x0
 .iplt          0x0000463c        0x0 ./src/DrawLine.o

.rel.dyn        0x0000463c        0x0
 .rel.iplt      0x0000463c        0x0 ./src/DrawLine.o

.ARM.extab
 *(.ARM.extab* .gnu.linkonce.armextab.*)
                0x0000463c                __exidx_start = .

.ARM.exidx
 *(.ARM.exidx* .gnu.linkonce.armexidx.*)
                0x0000463c                __exidx_end = .
                0x0000463c                _etext = .

.data_RAM2      0x2007c000        0x0 load address 0x0000463c
 FILL mask 0xff
                [!provide]                PROVIDE (__start_data_RAM2, .)
 *(.ramfunc.$RAM2)
 *(.ramfunc.$RamAHB32)
 *(.data.$RAM2*)
 *(.data.$RamAHB32*)
                0x2007c000                . = ALIGN (0x4)
                [!provide]                PROVIDE (__end_data_RAM2, .)

.uninit_RESERVED
                0x10000000        0x0
 *(.bss.$RESERVED*)
                0x10000000                . = ALIGN (0x4)
                0x10000000                _end_uninit_RESERVED = .

.data           0x10000000       0xec load address 0x0000463c
 FILL mask 0xff
                0x10000000                _data = .
 *(vtable)
 *(.ramfunc*)
 *(.data*)
 .data._height  0x10000000        0x4 ./src/DrawLine.o
                0x10000000                _height
 .data._width   0x10000004        0x4 ./src/DrawLine.o
                0x10000004                _width
 .data._random_j
                0x10000008        0x4 c:/nxp/mcuxpressoide_10.1.1_606/ide/tools/bin/../lib/gcc/arm-none-eabi/6.3.1/../../../../arm-none-eabi/lib/thumb/v7-m\libcr_c.a(stdlib.o)
 .data._random_k
                0x1000000c        0x4 c:/nxp/mcuxpressoide_10.1.1_606/ide/tools/bin/../lib/gcc/arm-none-eabi/6.3.1/../../../../arm-none-eabi/lib/thumb/v7-m\libcr_c.a(stdlib.o)
 .data._random_number_seed
                0x10000010       0xdc c:/nxp/mcuxpressoide_10.1.1_606/ide/tools/bin/../lib/gcc/arm-none-eabi/6.3.1/../../../../arm-none-eabi/lib/thumb/v7-m\libcr_c.a(stdlib.o)
                0x100000ec                . = ALIGN (0x4)
                0x100000ec                _edata = .

.igot.plt       0x100000ec        0x0 load address 0x00004728
 .igot.plt      0x100000ec        0x0 ./src/DrawLine.o

.bss_RAM2       0x2007c000        0x0
                [!provide]                PROVIDE (__start_bss_RAM2, .)
 *(.bss.$RAM2*)
 *(.bss.$RamAHB32*)
                0x2007c000                . = ALIGN ((. != 0x0)?0x4:0x1)
                [!provide]                PROVIDE (__end_bss_RAM2, .)

.bss            0x100000ec      0x224
                0x100000ec                _bss = .
 *(.bss*)
 .bss.interrupt0RxStat
                0x100000ec        0x4 ./src/ssp.o
                0x100000ec                interrupt0RxStat
 .bss.interrupt0OverRunStat
                0x100000f0        0x4 ./src/ssp.o
                0x100000f0                interrupt0OverRunStat
 .bss.interrupt0RxTimeoutStat
                0x100000f4        0x4 ./src/ssp.o
                0x100000f4                interrupt0RxTimeoutStat
 .bss.interrupt1RxStat
                0x100000f8        0x4 ./src/ssp.o
                0x100000f8                interrupt1RxStat
 .bss.interrupt1OverRunStat
                0x100000fc        0x4 ./src/ssp.o
                0x100000fc                interrupt1OverRunStat
 .bss.interrupt1RxTimeoutStat
                0x10000100        0x4 ./src/ssp.o
                0x10000100                interrupt1RxTimeoutStat
 .bss.errno     0x10000104        0x4 c:/nxp/mcuxpressoide_10.1.1_606/ide/tools/bin/../lib/gcc/arm-none-eabi/6.3.1/../../../../arm-none-eabi/lib/thumb/v7-m\libcr_c.a(errno.o)
                0x10000104                errno
 .bss.__end_of_heap
                0x10000108        0x4 c:/nxp/mcuxpressoide_10.1.1_606/ide/tools/bin/../lib/gcc/arm-none-eabi/6.3.1/../../../../arm-none-eabi/lib/thumb/v7-m\libcr_c.a(__init_alloc.o)
                0x10000108                __end_of_heap
 .bss.__heaps   0x1000010c        0x4 c:/nxp/mcuxpressoide_10.1.1_606/ide/tools/bin/../lib/gcc/arm-none-eabi/6.3.1/../../../../arm-none-eabi/lib/thumb/v7-m\libcr_c.a(__init_alloc.o)
                0x1000010c                __heaps
 .bss.__Ciob    0x10000110      0x1e0 c:/nxp/mcuxpressoide_10.1.1_606/ide/tools/bin/../lib/gcc/arm-none-eabi/6.3.1/../../../../arm-none-eabi/lib/thumb/v7-m\libcr_semihost.a(__ciob.o)
                0x10000110                __Ciob
 *(COMMON)
 COMMON         0x100002f0       0x20 ./src/DrawLine.o
                0x100002f0                dest_addr
                0x10000300                src_addr
                0x10000310                . = ALIGN (0x4)
                0x10000310                _ebss = .
                [!provide]                PROVIDE (end, .)

.noinit_RAM2    0x2007c000        0x0
 *(.noinit.$RAM2*)
 *(.noinit.$RamAHB32*)
                0x2007c000                . = ALIGN (0x4)

.noinit         0x10000310        0x0
                0x10000310                _noinit = .
 *(.noinit*)
                0x10000310                . = ALIGN (0x4)
                0x10000310                _end_noinit = .
                0x10000310                PROVIDE (_pvHeapStart, DEFINED (__user_heap_base)?__user_heap_base:.)
                0x10008000                PROVIDE (_vStackTop, DEFINED (__user_stack_top)?__user_stack_top:(__top_RamLoc32 - 0x0))
                [!provide]                PROVIDE (__valid_user_code_checksum, (0x0 - ((((((_vStackTop + (ResetISR + 0x1)) + (NMI_Handler + 0x1)) + (HardFault_Handler + 0x1)) + (DEFINED (MemManage_Handler)?MemManage_Handler:0x0 + 0x1)) + (DEFINED (BusFault_Handler)?BusFault_Handler:0x0 + 0x1)) + (DEFINED (UsageFault_Handler)?UsageFault_Handler:0x0 + 0x1))))
                0x00000000                _image_start = LOADADDR (.text)
                0x00004728                _image_end = (LOADADDR (.data) + SIZEOF (.data))
                0x00004728                _image_size = (_image_end - _image_start)
OUTPUT(LPC1769_GPIO.axf elf32-littlearm)

.debug_info     0x00000000     0x1f3c
 .debug_info    0x00000000      0xd1a ./src/DrawLine.o
 .debug_info    0x00000d1a      0x258 ./src/cr_startup_lpc175x_6x.o
 .debug_info    0x00000f72      0xc76 ./src/ssp.o
 .debug_info    0x00001be8      0x354 C:\Users\Pranjali\Documents\MCUXpressoIDE_10.1.1_606\workspace\CMSIS_CORE_LPC17xx\Debug\libCMSIS_CORE_LPC17xx.a(system_LPC17xx.o)

.debug_abbrev   0x00000000      0x6d8
 .debug_abbrev  0x00000000      0x242 ./src/DrawLine.o
 .debug_abbrev  0x00000242      0x103 ./src/cr_startup_lpc175x_6x.o
 .debug_abbrev  0x00000345      0x28b ./src/ssp.o
 .debug_abbrev  0x000005d0      0x108 C:\Users\Pranjali\Documents\MCUXpressoIDE_10.1.1_606\workspace\CMSIS_CORE_LPC17xx\Debug\libCMSIS_CORE_LPC17xx.a(system_LPC17xx.o)

.debug_aranges  0x00000000      0x198
 .debug_aranges
                0x00000000       0x90 ./src/DrawLine.o
 .debug_aranges
                0x00000090       0x80 ./src/cr_startup_lpc175x_6x.o
 .debug_aranges
                0x00000110       0x60 ./src/ssp.o
 .debug_aranges
                0x00000170       0x28 C:\Users\Pranjali\Documents\MCUXpressoIDE_10.1.1_606\workspace\CMSIS_CORE_LPC17xx\Debug\libCMSIS_CORE_LPC17xx.a(system_LPC17xx.o)

.debug_ranges   0x00000000      0x158
 .debug_ranges  0x00000000       0x80 ./src/DrawLine.o
 .debug_ranges  0x00000080       0x70 ./src/cr_startup_lpc175x_6x.o
 .debug_ranges  0x000000f0       0x50 ./src/ssp.o
 .debug_ranges  0x00000140       0x18 C:\Users\Pranjali\Documents\MCUXpressoIDE_10.1.1_606\workspace\CMSIS_CORE_LPC17xx\Debug\libCMSIS_CORE_LPC17xx.a(system_LPC17xx.o)

.debug_macro    0x00000000     0x2e17
 .debug_macro   0x00000000      0x17e ./src/DrawLine.o
 .debug_macro   0x0000017e      0x8c8 ./src/DrawLine.o
 .debug_macro   0x00000a46       0x82 ./src/DrawLine.o
 .debug_macro   0x00000ac8       0x34 ./src/DrawLine.o
 .debug_macro   0x00000afc       0x1c ./src/DrawLine.o
 .debug_macro   0x00000b18       0x3a ./src/DrawLine.o
 .debug_macro   0x00000b52       0x10 ./src/DrawLine.o
 .debug_macro   0x00000b62      0x12d ./src/DrawLine.o
 .debug_macro   0x00000c8f      0x5b2 ./src/DrawLine.o
 .debug_macro   0x00001241       0x2d ./src/DrawLine.o
 .debug_macro   0x0000126e      0xbb1 ./src/DrawLine.o
 .debug_macro   0x00001e1f      0x2c7 ./src/DrawLine.o
 .debug_macro   0x000020e6      0x118 ./src/DrawLine.o
 .debug_macro   0x000021fe       0x28 ./src/DrawLine.o
 .debug_macro   0x00002226       0x9a ./src/DrawLine.o
 .debug_macro   0x000022c0       0xc4 ./src/DrawLine.o
 .debug_macro   0x00002384       0x1d ./src/cr_startup_lpc175x_6x.o
 .debug_macro   0x000023a1       0x81 ./src/ssp.o
 .debug_macro   0x00002422      0x12d C:\Users\Pranjali\Documents\MCUXpressoIDE_10.1.1_606\workspace\CMSIS_CORE_LPC17xx\Debug\libCMSIS_CORE_LPC17xx.a(system_LPC17xx.o)
 .debug_macro   0x0000254f      0x8c8 C:\Users\Pranjali\Documents\MCUXpressoIDE_10.1.1_606\workspace\CMSIS_CORE_LPC17xx\Debug\libCMSIS_CORE_LPC17xx.a(system_LPC17xx.o)

.debug_line     0x00000000      0xbce
 .debug_line    0x00000000      0x5ba ./src/DrawLine.o
 .debug_line    0x000005ba       0xd3 ./src/cr_startup_lpc175x_6x.o
 .debug_line    0x0000068d      0x315 ./src/ssp.o
 .debug_line    0x000009a2      0x22c C:\Users\Pranjali\Documents\MCUXpressoIDE_10.1.1_606\workspace\CMSIS_CORE_LPC17xx\Debug\libCMSIS_CORE_LPC17xx.a(system_LPC17xx.o)

.debug_str      0x00000000     0xb5c7
 .debug_str     0x00000000     0xaa2e ./src/DrawLine.o
                               0xaaf9 (size before relaxing)
 .debug_str     0x0000aa2e      0x1d6 ./src/cr_startup_lpc175x_6x.o
                               0x2778 (size before relaxing)
 .debug_str     0x0000ac04      0x5bb ./src/ssp.o
                               0xa00a (size before relaxing)
 .debug_str     0x0000b1bf      0x408 C:\Users\Pranjali\Documents\MCUXpressoIDE_10.1.1_606\workspace\CMSIS_CORE_LPC17xx\Debug\libCMSIS_CORE_LPC17xx.a(system_LPC17xx.o)
                               0x9a05 (size before relaxing)

.comment        0x00000000       0x7f
 .comment       0x00000000       0x7f ./src/DrawLine.o
                                 0x80 (size before relaxing)
 .comment       0x0000007f       0x80 ./src/cr_startup_lpc175x_6x.o
 .comment       0x0000007f       0x80 ./src/ssp.o
 .comment       0x0000007f       0x80 C:\Users\Pranjali\Documents\MCUXpressoIDE_10.1.1_606\workspace\CMSIS_CORE_LPC17xx\Debug\libCMSIS_CORE_LPC17xx.a(system_LPC17xx.o)
 .comment       0x0000007f       0x80 c:/nxp/mcuxpressoide_10.1.1_606/ide/tools/bin/../lib/gcc/arm-none-eabi/6.3.1/../../../../arm-none-eabi/lib/thumb/v7-m\libcr_semihost.a(_cr__main.o)
 .comment       0x0000007f       0x80 c:/nxp/mcuxpressoide_10.1.1_606/ide/tools/bin/../lib/gcc/arm-none-eabi/6.3.1/../../../../arm-none-eabi/lib/thumb/v7-m\libcr_c.a(cos.o)
 .comment       0x0000007f       0x80 c:/nxp/mcuxpressoide_10.1.1_606/ide/tools/bin/../lib/gcc/arm-none-eabi/6.3.1/../../../../arm-none-eabi/lib/thumb/v7-m\libcr_c.a(cr_time.o)
 .comment       0x0000007f       0x80 c:/nxp/mcuxpressoide_10.1.1_606/ide/tools/bin/../lib/gcc/arm-none-eabi/6.3.1/../../../../arm-none-eabi/lib/thumb/v7-m\libcr_c.a(fpprintf.o)
 .comment       0x0000007f       0x80 c:/nxp/mcuxpressoide_10.1.1_606/ide/tools/bin/../lib/gcc/arm-none-eabi/6.3.1/../../../../arm-none-eabi/lib/thumb/v7-m\libcr_c.a(initio.o)
 .comment       0x0000007f       0x80 c:/nxp/mcuxpressoide_10.1.1_606/ide/tools/bin/../lib/gcc/arm-none-eabi/6.3.1/../../../../arm-none-eabi/lib/thumb/v7-m\libcr_c.a(printf.o)
 .comment       0x0000007f       0x80 c:/nxp/mcuxpressoide_10.1.1_606/ide/tools/bin/../lib/gcc/arm-none-eabi/6.3.1/../../../../arm-none-eabi/lib/thumb/v7-m\libcr_c.a(puts.o)
 .comment       0x0000007f       0x80 c:/nxp/mcuxpressoide_10.1.1_606/ide/tools/bin/../lib/gcc/arm-none-eabi/6.3.1/../../../../arm-none-eabi/lib/thumb/v7-m\libcr_c.a(setvbuf.o)
 .comment       0x0000007f       0x80 c:/nxp/mcuxpressoide_10.1.1_606/ide/tools/bin/../lib/gcc/arm-none-eabi/6.3.1/../../../../arm-none-eabi/lib/thumb/v7-m\libcr_c.a(sin.o)
 .comment       0x0000007f       0x80 c:/nxp/mcuxpressoide_10.1.1_606/ide/tools/bin/../lib/gcc/arm-none-eabi/6.3.1/../../../../arm-none-eabi/lib/thumb/v7-m\libcr_c.a(stdlib.o)
 .comment       0x0000007f       0x80 c:/nxp/mcuxpressoide_10.1.1_606/ide/tools/bin/../lib/gcc/arm-none-eabi/6.3.1/../../../../arm-none-eabi/lib/thumb/v7-m\libcr_c.a(strlen.o)
 .comment       0x0000007f       0x80 c:/nxp/mcuxpressoide_10.1.1_606/ide/tools/bin/../lib/gcc/arm-none-eabi/6.3.1/../../../../arm-none-eabi/lib/thumb/v7-m\libcr_c.a(memset.o)
 .comment       0x0000007f       0x80 c:/nxp/mcuxpressoide_10.1.1_606/ide/tools/bin/../lib/gcc/arm-none-eabi/6.3.1/../../../../arm-none-eabi/lib/thumb/v7-m\libcr_c.a(_deferredlazyseek.o)
 .comment       0x0000007f       0x80 c:/nxp/mcuxpressoide_10.1.1_606/ide/tools/bin/../lib/gcc/arm-none-eabi/6.3.1/../../../../arm-none-eabi/lib/thumb/v7-m\libcr_c.a(_fdopen.o)
 .comment       0x0000007f       0x80 c:/nxp/mcuxpressoide_10.1.1_606/ide/tools/bin/../lib/gcc/arm-none-eabi/6.3.1/../../../../arm-none-eabi/lib/thumb/v7-m\libcr_c.a(_fflush.o)
 .comment       0x0000007f       0x80 c:/nxp/mcuxpressoide_10.1.1_606/ide/tools/bin/../lib/gcc/arm-none-eabi/6.3.1/../../../../arm-none-eabi/lib/thumb/v7-m\libcr_c.a(_frexpl.o)
 .comment       0x0000007f       0x80 c:/nxp/mcuxpressoide_10.1.1_606/ide/tools/bin/../lib/gcc/arm-none-eabi/6.3.1/../../../../arm-none-eabi/lib/thumb/v7-m\libcr_c.a(_ldexpl.o)
 .comment       0x0000007f       0x80 c:/nxp/mcuxpressoide_10.1.1_606/ide/tools/bin/../lib/gcc/arm-none-eabi/6.3.1/../../../../arm-none-eabi/lib/thumb/v7-m\libcr_c.a(_sincos.o)
 .comment       0x0000007f       0x80 c:/nxp/mcuxpressoide_10.1.1_606/ide/tools/bin/../lib/gcc/arm-none-eabi/6.3.1/../../../../arm-none-eabi/lib/thumb/v7-m\libcr_c.a(_writebuf.o)
 .comment       0x0000007f       0x80 c:/nxp/mcuxpressoide_10.1.1_606/ide/tools/bin/../lib/gcc/arm-none-eabi/6.3.1/../../../../arm-none-eabi/lib/thumb/v7-m\libcr_c.a(alloc.o)
 .comment       0x0000007f       0x80 c:/nxp/mcuxpressoide_10.1.1_606/ide/tools/bin/../lib/gcc/arm-none-eabi/6.3.1/../../../../arm-none-eabi/lib/thumb/v7-m\libcr_c.a(errno.o)
 .comment       0x0000007f       0x80 c:/nxp/mcuxpressoide_10.1.1_606/ide/tools/bin/../lib/gcc/arm-none-eabi/6.3.1/../../../../arm-none-eabi/lib/thumb/v7-m\libcr_c.a(fabs.o)
 .comment       0x0000007f       0x80 c:/nxp/mcuxpressoide_10.1.1_606/ide/tools/bin/../lib/gcc/arm-none-eabi/6.3.1/../../../../arm-none-eabi/lib/thumb/v7-m\libcr_c.a(fclose.o)
 .comment       0x0000007f       0x80 c:/nxp/mcuxpressoide_10.1.1_606/ide/tools/bin/../lib/gcc/arm-none-eabi/6.3.1/../../../../arm-none-eabi/lib/thumb/v7-m\libcr_c.a(fflush.o)
 .comment       0x0000007f       0x80 c:/nxp/mcuxpressoide_10.1.1_606/ide/tools/bin/../lib/gcc/arm-none-eabi/6.3.1/../../../../arm-none-eabi/lib/thumb/v7-m\libcr_c.a(fseek.o)
 .comment       0x0000007f       0x80 c:/nxp/mcuxpressoide_10.1.1_606/ide/tools/bin/../lib/gcc/arm-none-eabi/6.3.1/../../../../arm-none-eabi/lib/thumb/v7-m\libcr_c.a(ftell.o)
 .comment       0x0000007f       0x80 c:/nxp/mcuxpressoide_10.1.1_606/ide/tools/bin/../lib/gcc/arm-none-eabi/6.3.1/../../../../arm-none-eabi/lib/thumb/v7-m\libcr_c.a(remove.o)
 .comment       0x0000007f       0x80 c:/nxp/mcuxpressoide_10.1.1_606/ide/tools/bin/../lib/gcc/arm-none-eabi/6.3.1/../../../../arm-none-eabi/lib/thumb/v7-m\libcr_c.a(__init_alloc.o)
 .comment       0x0000007f       0x80 c:/nxp/mcuxpressoide_10.1.1_606/ide/tools/bin/../lib/gcc/arm-none-eabi/6.3.1/../../../../arm-none-eabi/lib/thumb/v7-m\libcr_c.a(_cr_sbrk.o)
 .comment       0x0000007f       0x80 c:/nxp/mcuxpressoide_10.1.1_606/ide/tools/bin/../lib/gcc/arm-none-eabi/6.3.1/../../../../arm-none-eabi/lib/thumb/v7-m\libcr_c.a(_do_fflush.o)
 .comment       0x0000007f       0x80 c:/nxp/mcuxpressoide_10.1.1_606/ide/tools/bin/../lib/gcc/arm-none-eabi/6.3.1/../../../../arm-none-eabi/lib/thumb/v7-m\libcr_c.a(_hugeval.o)
 .comment       0x0000007f       0x80 c:/nxp/mcuxpressoide_10.1.1_606/ide/tools/bin/../lib/gcc/arm-none-eabi/6.3.1/../../../../arm-none-eabi/lib/thumb/v7-m\libcr_c.a(_cr_check_heap.o)
 .comment       0x0000007f       0x80 c:/nxp/mcuxpressoide_10.1.1_606/ide/tools/bin/../lib/gcc/arm-none-eabi/6.3.1/thumb/v7-m\libcr_eabihelpers.a(double.o)
 .comment       0x0000007f       0x80 c:/nxp/mcuxpressoide_10.1.1_606/ide/tools/bin/../lib/gcc/arm-none-eabi/6.3.1/thumb/v7-m\libcr_eabihelpers.a(float.o)
 .comment       0x0000007f       0x80 c:/nxp/mcuxpressoide_10.1.1_606/ide/tools/bin/../lib/gcc/arm-none-eabi/6.3.1/../../../../arm-none-eabi/lib/thumb/v7-m\libcr_semihost.a(__ciob.o)

.ARM.attributes
                0x00000000       0x31
 .ARM.attributes
                0x00000000       0x33 ./src/DrawLine.o
 .ARM.attributes
                0x00000033       0x33 ./src/cr_startup_lpc175x_6x.o
 .ARM.attributes
                0x00000066       0x33 ./src/ssp.o
 .ARM.attributes
                0x00000099       0x33 C:\Users\Pranjali\Documents\MCUXpressoIDE_10.1.1_606\workspace\CMSIS_CORE_LPC17xx\Debug\libCMSIS_CORE_LPC17xx.a(system_LPC17xx.o)
 .ARM.attributes
                0x000000cc       0x33 c:/nxp/mcuxpressoide_10.1.1_606/ide/tools/bin/../lib/gcc/arm-none-eabi/6.3.1/../../../../arm-none-eabi/lib/thumb/v7-m\libcr_semihost.a(_cr__main.o)
 .ARM.attributes
                0x000000ff       0x33 c:/nxp/mcuxpressoide_10.1.1_606/ide/tools/bin/../lib/gcc/arm-none-eabi/6.3.1/../../../../arm-none-eabi/lib/thumb/v7-m\libcr_c.a(cos.o)
 .ARM.attributes
                0x00000132       0x33 c:/nxp/mcuxpressoide_10.1.1_606/ide/tools/bin/../lib/gcc/arm-none-eabi/6.3.1/../../../../arm-none-eabi/lib/thumb/v7-m\libcr_c.a(cr_time.o)
 .ARM.attributes
                0x00000165       0x33 c:/nxp/mcuxpressoide_10.1.1_606/ide/tools/bin/../lib/gcc/arm-none-eabi/6.3.1/../../../../arm-none-eabi/lib/thumb/v7-m\libcr_c.a(fpprintf.o)
 .ARM.attributes
                0x00000198       0x33 c:/nxp/mcuxpressoide_10.1.1_606/ide/tools/bin/../lib/gcc/arm-none-eabi/6.3.1/../../../../arm-none-eabi/lib/thumb/v7-m\libcr_c.a(initio.o)
 .ARM.attributes
                0x000001cb       0x33 c:/nxp/mcuxpressoide_10.1.1_606/ide/tools/bin/../lib/gcc/arm-none-eabi/6.3.1/../../../../arm-none-eabi/lib/thumb/v7-m\libcr_c.a(printf.o)
 .ARM.attributes
                0x000001fe       0x33 c:/nxp/mcuxpressoide_10.1.1_606/ide/tools/bin/../lib/gcc/arm-none-eabi/6.3.1/../../../../arm-none-eabi/lib/thumb/v7-m\libcr_c.a(puts.o)
 .ARM.attributes
                0x00000231       0x33 c:/nxp/mcuxpressoide_10.1.1_606/ide/tools/bin/../lib/gcc/arm-none-eabi/6.3.1/../../../../arm-none-eabi/lib/thumb/v7-m\libcr_c.a(setvbuf.o)
 .ARM.attributes
                0x00000264       0x33 c:/nxp/mcuxpressoide_10.1.1_606/ide/tools/bin/../lib/gcc/arm-none-eabi/6.3.1/../../../../arm-none-eabi/lib/thumb/v7-m\libcr_c.a(sin.o)
 .ARM.attributes
                0x00000297       0x33 c:/nxp/mcuxpressoide_10.1.1_606/ide/tools/bin/../lib/gcc/arm-none-eabi/6.3.1/../../../../arm-none-eabi/lib/thumb/v7-m\libcr_c.a(stdlib.o)
 .ARM.attributes
                0x000002ca       0x33 c:/nxp/mcuxpressoide_10.1.1_606/ide/tools/bin/../lib/gcc/arm-none-eabi/6.3.1/../../../../arm-none-eabi/lib/thumb/v7-m\libcr_c.a(strlen.o)
 .ARM.attributes
                0x000002fd       0x33 c:/nxp/mcuxpressoide_10.1.1_606/ide/tools/bin/../lib/gcc/arm-none-eabi/6.3.1/../../../../arm-none-eabi/lib/thumb/v7-m\libcr_c.a(memset.o)
 .ARM.attributes
                0x00000330       0x33 c:/nxp/mcuxpressoide_10.1.1_606/ide/tools/bin/../lib/gcc/arm-none-eabi/6.3.1/../../../../arm-none-eabi/lib/thumb/v7-m\libcr_c.a(_deferredlazyseek.o)
 .ARM.attributes
                0x00000363       0x33 c:/nxp/mcuxpressoide_10.1.1_606/ide/tools/bin/../lib/gcc/arm-none-eabi/6.3.1/../../../../arm-none-eabi/lib/thumb/v7-m\libcr_c.a(_fdopen.o)
 .ARM.attributes
                0x00000396       0x33 c:/nxp/mcuxpressoide_10.1.1_606/ide/tools/bin/../lib/gcc/arm-none-eabi/6.3.1/../../../../arm-none-eabi/lib/thumb/v7-m\libcr_c.a(_fflush.o)
 .ARM.attributes
                0x000003c9       0x33 c:/nxp/mcuxpressoide_10.1.1_606/ide/tools/bin/../lib/gcc/arm-none-eabi/6.3.1/../../../../arm-none-eabi/lib/thumb/v7-m\libcr_c.a(_frexpl.o)
 .ARM.attributes
                0x000003fc       0x33 c:/nxp/mcuxpressoide_10.1.1_606/ide/tools/bin/../lib/gcc/arm-none-eabi/6.3.1/../../../../arm-none-eabi/lib/thumb/v7-m\libcr_c.a(_ldexpl.o)
 .ARM.attributes
                0x0000042f       0x33 c:/nxp/mcuxpressoide_10.1.1_606/ide/tools/bin/../lib/gcc/arm-none-eabi/6.3.1/../../../../arm-none-eabi/lib/thumb/v7-m\libcr_c.a(_sincos.o)
 .ARM.attributes
                0x00000462       0x33 c:/nxp/mcuxpressoide_10.1.1_606/ide/tools/bin/../lib/gcc/arm-none-eabi/6.3.1/../../../../arm-none-eabi/lib/thumb/v7-m\libcr_c.a(_writebuf.o)
 .ARM.attributes
                0x00000495       0x33 c:/nxp/mcuxpressoide_10.1.1_606/ide/tools/bin/../lib/gcc/arm-none-eabi/6.3.1/../../../../arm-none-eabi/lib/thumb/v7-m\libcr_c.a(alloc.o)
 .ARM.attributes
                0x000004c8       0x33 c:/nxp/mcuxpressoide_10.1.1_606/ide/tools/bin/../lib/gcc/arm-none-eabi/6.3.1/../../../../arm-none-eabi/lib/thumb/v7-m\libcr_c.a(errno.o)
 .ARM.attributes
                0x000004fb       0x33 c:/nxp/mcuxpressoide_10.1.1_606/ide/tools/bin/../lib/gcc/arm-none-eabi/6.3.1/../../../../arm-none-eabi/lib/thumb/v7-m\libcr_c.a(fabs.o)
 .ARM.attributes
                0x0000052e       0x33 c:/nxp/mcuxpressoide_10.1.1_606/ide/tools/bin/../lib/gcc/arm-none-eabi/6.3.1/../../../../arm-none-eabi/lib/thumb/v7-m\libcr_c.a(fclose.o)
 .ARM.attributes
                0x00000561       0x33 c:/nxp/mcuxpressoide_10.1.1_606/ide/tools/bin/../lib/gcc/arm-none-eabi/6.3.1/../../../../arm-none-eabi/lib/thumb/v7-m\libcr_c.a(fflush.o)
 .ARM.attributes
                0x00000594       0x33 c:/nxp/mcuxpressoide_10.1.1_606/ide/tools/bin/../lib/gcc/arm-none-eabi/6.3.1/../../../../arm-none-eabi/lib/thumb/v7-m\libcr_c.a(fseek.o)
 .ARM.attributes
                0x000005c7       0x33 c:/nxp/mcuxpressoide_10.1.1_606/ide/tools/bin/../lib/gcc/arm-none-eabi/6.3.1/../../../../arm-none-eabi/lib/thumb/v7-m\libcr_c.a(ftell.o)
 .ARM.attributes
                0x000005fa       0x33 c:/nxp/mcuxpressoide_10.1.1_606/ide/tools/bin/../lib/gcc/arm-none-eabi/6.3.1/../../../../arm-none-eabi/lib/thumb/v7-m\libcr_c.a(remove.o)
 .ARM.attributes
                0x0000062d       0x33 c:/nxp/mcuxpressoide_10.1.1_606/ide/tools/bin/../lib/gcc/arm-none-eabi/6.3.1/../../../../arm-none-eabi/lib/thumb/v7-m\libcr_c.a(__init_alloc.o)
 .ARM.attributes
                0x00000660       0x33 c:/nxp/mcuxpressoide_10.1.1_606/ide/tools/bin/../lib/gcc/arm-none-eabi/6.3.1/../../../../arm-none-eabi/lib/thumb/v7-m\libcr_c.a(_cr_sbrk.o)
 .ARM.attributes
                0x00000693       0x33 c:/nxp/mcuxpressoide_10.1.1_606/ide/tools/bin/../lib/gcc/arm-none-eabi/6.3.1/../../../../arm-none-eabi/lib/thumb/v7-m\libcr_c.a(_do_fflush.o)
 .ARM.attributes
                0x000006c6       0x33 c:/nxp/mcuxpressoide_10.1.1_606/ide/tools/bin/../lib/gcc/arm-none-eabi/6.3.1/../../../../arm-none-eabi/lib/thumb/v7-m\libcr_c.a(_hugeval.o)
 .ARM.attributes
                0x000006f9       0x33 c:/nxp/mcuxpressoide_10.1.1_606/ide/tools/bin/../lib/gcc/arm-none-eabi/6.3.1/../../../../arm-none-eabi/lib/thumb/v7-m\libcr_c.a(_cr_check_heap.o)
 .ARM.attributes
                0x0000072c       0x33 c:/nxp/mcuxpressoide_10.1.1_606/ide/tools/bin/../lib/gcc/arm-none-eabi/6.3.1/thumb/v7-m\libcr_eabihelpers.a(double.o)
 .ARM.attributes
                0x0000075f       0x33 c:/nxp/mcuxpressoide_10.1.1_606/ide/tools/bin/../lib/gcc/arm-none-eabi/6.3.1/thumb/v7-m\libcr_eabihelpers.a(float.o)
 .ARM.attributes
                0x00000792       0x21 c:/nxp/mcuxpressoide_10.1.1_606/ide/tools/bin/../lib/gcc/arm-none-eabi/6.3.1/thumb/v7-m\libcr_eabihelpers.a(memcpy.o)
 .ARM.attributes
                0x000007b3       0x33 c:/nxp/mcuxpressoide_10.1.1_606/ide/tools/bin/../lib/gcc/arm-none-eabi/6.3.1/../../../../arm-none-eabi/lib/thumb/v7-m\libcr_semihost.a(__ciob.o)
 .ARM.attributes
                0x000007e6       0x21 c:/nxp/mcuxpressoide_10.1.1_606/ide/tools/bin/../lib/gcc/arm-none-eabi/6.3.1/../../../../arm-none-eabi/lib/thumb/v7-m\libcr_semihost.a(__sys_appexit.o)
 .ARM.attributes
                0x00000807       0x21 c:/nxp/mcuxpressoide_10.1.1_606/ide/tools/bin/../lib/gcc/arm-none-eabi/6.3.1/../../../../arm-none-eabi/lib/thumb/v7-m\libcr_semihost.a(__sys_close.o)
 .ARM.attributes
                0x00000828       0x21 c:/nxp/mcuxpressoide_10.1.1_606/ide/tools/bin/../lib/gcc/arm-none-eabi/6.3.1/../../../../arm-none-eabi/lib/thumb/v7-m\libcr_semihost.a(__sys_flen.o)
 .ARM.attributes
                0x00000849       0x21 c:/nxp/mcuxpressoide_10.1.1_606/ide/tools/bin/../lib/gcc/arm-none-eabi/6.3.1/../../../../arm-none-eabi/lib/thumb/v7-m\libcr_semihost.a(__sys_istty.o)
 .ARM.attributes
                0x0000086a       0x21 c:/nxp/mcuxpressoide_10.1.1_606/ide/tools/bin/../lib/gcc/arm-none-eabi/6.3.1/../../../../arm-none-eabi/lib/thumb/v7-m\libcr_semihost.a(__sys_remove.o)
 .ARM.attributes
                0x0000088b       0x21 c:/nxp/mcuxpressoide_10.1.1_606/ide/tools/bin/../lib/gcc/arm-none-eabi/6.3.1/../../../../arm-none-eabi/lib/thumb/v7-m\libcr_semihost.a(__sys_seek.o)
 .ARM.attributes
                0x000008ac       0x21 c:/nxp/mcuxpressoide_10.1.1_606/ide/tools/bin/../lib/gcc/arm-none-eabi/6.3.1/../../../../arm-none-eabi/lib/thumb/v7-m\libcr_semihost.a(__sys_time.o)
 .ARM.attributes
                0x000008cd       0x21 c:/nxp/mcuxpressoide_10.1.1_606/ide/tools/bin/../lib/gcc/arm-none-eabi/6.3.1/../../../../arm-none-eabi/lib/thumb/v7-m\libcr_semihost.a(__sys_tmpnam.o)
 .ARM.attributes
                0x000008ee       0x21 c:/nxp/mcuxpressoide_10.1.1_606/ide/tools/bin/../lib/gcc/arm-none-eabi/6.3.1/../../../../arm-none-eabi/lib/thumb/v7-m\libcr_semihost.a(__sys_write.o)

.debug_frame    0x00000000      0x574
 .debug_frame   0x00000000      0x258 ./src/DrawLine.o
 .debug_frame   0x00000258      0x170 ./src/cr_startup_lpc175x_6x.o
 .debug_frame   0x000003c8      0x170 ./src/ssp.o
 .debug_frame   0x00000538       0x3c C:\Users\Pranjali\Documents\MCUXpressoIDE_10.1.1_606\workspace\CMSIS_CORE_LPC17xx\Debug\libCMSIS_CORE_LPC17xx.a(system_LPC17xx.o)
